// Jest Snapshot v1, https://goo.gl/fbAQLP

exports[`<BannerTitle /> 1`] = `
<div
  className="title-banner"
>
  <div
    className="input-group"
  >
    <h1>
      Mooch
    </h1>
    <input
      placeholder="Search"
      type="text"
    />
  </div>
  <div
    hidden={true}
  >
    Image by 
    <a
      href="https://pixabay.com/users/seaq68-4191072/?utm_source=link-attribution&utm_medium=referral&utm_campaign=image&utm_content=5621150"
    >
      Sven Lachmann
    </a>
     from 
    <a
      href="https://pixabay.com/?utm_source=link-attribution&utm_medium=referral&utm_campaign=image&utm_content=5621150"
    >
      Pixabay
    </a>
  </div>
</div>
`;
