// Jest Snapshot v1, https://goo.gl/fbAQLP

exports[`renders Login component correctly matches snapshot 1`] = `
<div
  data-testid="login"
>
  <div
    hidden={true}
    id="loginError"
  >
    <h2>
      
    </h2>
  </div>
  <form>
    <title>
      Login
    </title>
    <label
      data-testid="email"
    >
      Email
      <input
        name="email"
        onChange={[Function]}
        placeholder="email"
        type="text"
      />
    </label>
    <label
      data-testid="password"
    >
      Password
      <input
        name="password"
        onChange={[Function]}
        placeholder="********"
        type="password"
      />
    </label>
    <div
      className="submitButtons"
    >
      <input
        data-testid="submit"
        onClick={[Function]}
        type="submit"
        value="Submit"
      />
      <input
        data-testid="cancel"
        type="button"
        value="Cancel"
      />
    </div>
    <a
      href="https://www.google.com"
    >
      <p>
        Don't have an account?  Create one.
      </p>
    </a>
  </form>
</div>
`;
